yarn run v1.22.17
$ rm -rf ./parcel-cache
$ cross-env REACT_APP_ENV=dev parcel src/index.html --port 3000 --open
Server running at http://localhost:3000
Building...
Bundling...
Packaging & Optimizing...
✨ Built in 791ms
yarn run v1.22.17
$ rm -rf ./parcel-cache
$ cross-env REACT_APP_ENV=dev parcel src/index.html --port 3000 --open
Server running at http://localhost:3000
Building...
Bundling...
Packaging & Optimizing...
✨ Built in 816ms
yarn run v1.22.18
$ cross-env PORT=3001 react-scripts start
(node:22884) [DEP_WEBPACK_DEV_SERVER_ON_AFTER_SETUP_MIDDLEWARE] DeprecationWarning: 'onAfterSetupMiddleware' option is deprecated. Please use the 'setupMiddlewares' option.
(Use `node --trace-deprecation ...` to show where the warning was created)
(node:22884) [DEP_WEBPACK_DEV_SERVER_ON_BEFORE_SETUP_MIDDLEWARE] DeprecationWarning: 'onBeforeSetupMiddleware' option is deprecated. Please use the 'setupMiddlewares' option.
Starting the development server...

Compiled successfully!

You can now view nft-market in the browser.

  Local:            http://localhost:3001
  On Your Network:  http://172.31.15.192:3001

Note that the development build is not optimized.
To create a production build, use yarn build.

assets by path static/ 5.94 MiB
  assets by path static/media/*.png 351 KiB
    asset static/media/hero-bg-1.516f956d1c39dbee651b.png 161 KiB [emitted] [immutable] [from: src/assets/images/hero-bg-1.png] (auxiliary name: main)
    asset static/media/desmarketLogo.dff8849b90f3c2a84878.png 79 KiB [emitted] [immutable] [from: src/assets/images/desmarketLogo.png] (auxiliary name: main)
    asset static/media/hero-bg-2.1e0d140df3023a7fdd75.png 62.4 KiB [emitted] [immutable] [from: src/assets/images/hero-bg-2.png] (auxiliary name: main)
    asset static/media/hero-bg-3.974f77c3b4202a2f1869.png 48.7 KiB [emitted] [immutable] [from: src/assets/images/hero-bg-3.png] (auxiliary name: main)
  assets by path static/media/*.jpg 31.5 KiB
    asset static/media/Apesempire.c9fa6b9d67434b5bcc19.jpg 17 KiB [emitted] [immutable] [from: src/assets/images/upcomming/Apesempire.jpg] (auxiliary name: main)
    asset static/media/haven.cc899519bb4fae32ed73.jpg 14.5 KiB [emitted] [immutable] [from: src/assets/images/upcomming/haven.jpg] (auxiliary name: main)
  asset static/js/bundle.js 5.56 MiB [emitted] (name: main) 1 related asset
asset index.html 2.18 KiB [emitted]
asset asset-manifest.json 708 bytes [emitted]
cached modules 5.36 MiB (javascript) 383 KiB (asset) 29.4 KiB (runtime) [cached] 1394 modules
webpack 5.68.0 compiled successfully in 4502 ms
Files successfully emitted, waiting for typecheck results...
Issues checking in progress...
No issues found.
yarn run v1.22.18
$ cross-env PORT=3001 react-scripts start
Browserslist: caniuse-lite is outdated. Please run:
  npx browserslist@latest --update-db
  Why you should do it regularly: https://github.com/browserslist/browserslist#browsers-data-updating
(node:590114) [DEP_WEBPACK_DEV_SERVER_ON_AFTER_SETUP_MIDDLEWARE] DeprecationWarning: 'onAfterSetupMiddleware' option is deprecated. Please use the 'setupMiddlewares' option.
(Use `node --trace-deprecation ...` to show where the warning was created)
(node:590114) [DEP_WEBPACK_DEV_SERVER_ON_BEFORE_SETUP_MIDDLEWARE] DeprecationWarning: 'onBeforeSetupMiddleware' option is deprecated. Please use the 'setupMiddlewares' option.
Starting the development server...

Compiled successfully!

You can now view nft-market in the browser.

  Local:            http://localhost:3001
  On Your Network:  http://172.31.15.192:3001

Note that the development build is not optimized.
To create a production build, use yarn build.

assets by path static/ 5.94 MiB
  assets by path static/media/*.png 351 KiB
    asset static/media/hero-bg-1.516f956d1c39dbee651b.png 161 KiB [emitted] [immutable] [from: src/assets/images/hero-bg-1.png] (auxiliary name: main)
    asset static/media/desmarketLogo.dff8849b90f3c2a84878.png 79 KiB [emitted] [immutable] [from: src/assets/images/desmarketLogo.png] (auxiliary name: main)
    asset static/media/hero-bg-2.1e0d140df3023a7fdd75.png 62.4 KiB [emitted] [immutable] [from: src/assets/images/hero-bg-2.png] (auxiliary name: main)
    asset static/media/hero-bg-3.974f77c3b4202a2f1869.png 48.7 KiB [emitted] [immutable] [from: src/assets/images/hero-bg-3.png] (auxiliary name: main)
  assets by path static/media/*.jpg 31.5 KiB
    asset static/media/Apesempire.c9fa6b9d67434b5bcc19.jpg 17 KiB [emitted] [immutable] [from: src/assets/images/upcomming/Apesempire.jpg] (auxiliary name: main)
    asset static/media/haven.cc899519bb4fae32ed73.jpg 14.5 KiB [emitted] [immutable] [from: src/assets/images/upcomming/haven.jpg] (auxiliary name: main)
  asset static/js/bundle.js 5.56 MiB [emitted] (name: main) 1 related asset
asset index.html 2.18 KiB [emitted]
asset asset-manifest.json 708 bytes [emitted]
orphan modules 1.17 MiB [orphan] 661 modules
runtime modules 29.4 KiB 16 modules
javascript modules 4.17 MiB
  modules by path ./node_modules/ 3.43 MiB 529 modules
  modules by path ./src/ 755 KiB 176 modules
  + 2 modules
asset modules 7.19 KiB (javascript) 383 KiB (asset)
  modules by path ./src/assets/images/*.png 168 bytes (javascript) 351 KiB (asset) 4 modules
  modules by path ./src/assets/images/upcomming/ 7.03 KiB (javascript) 31.5 KiB (asset)
    ./src/assets/images/upcomming/Nearbiez.png 6.94 KiB [built] [code generated]
    + 2 modules
json modules 19.5 KiB
  ./node_modules/near-api-js/lib/generated/rpc_error_schema.json 12.6 KiB [built] [code generated]
  ./node_modules/near-api-js/lib/res/error_messages.json 5.39 KiB [built] [code generated]
  ./node_modules/statuses/codes.json 1.54 KiB [built] [code generated]
webpack 5.68.0 compiled successfully in 33786 ms
No issues found.
yarn run v1.22.18
$ cross-env PORT=3001 react-scripts start
Something is already running on port 3001.
Done in 3.61s.
yarn run v1.22.18
$ cross-env PORT=3001 react-scripts start
Browserslist: caniuse-lite is outdated. Please run:
  npx browserslist@latest --update-db
  Why you should do it regularly: https://github.com/browserslist/browserslist#browsers-data-updating
(node:2614) [DEP_WEBPACK_DEV_SERVER_ON_AFTER_SETUP_MIDDLEWARE] DeprecationWarning: 'onAfterSetupMiddleware' option is deprecated. Please use the 'setupMiddlewares' option.
(Use `node --trace-deprecation ...` to show where the warning was created)
(node:2614) [DEP_WEBPACK_DEV_SERVER_ON_BEFORE_SETUP_MIDDLEWARE] DeprecationWarning: 'onBeforeSetupMiddleware' option is deprecated. Please use the 'setupMiddlewares' option.
Starting the development server...

Compiled successfully!

You can now view nft-market in the browser.

  Local:            http://localhost:3001
  On Your Network:  http://172.31.15.192:3001

Note that the development build is not optimized.
To create a production build, use yarn build.

assets by path static/ 5.94 MiB
  assets by path static/media/*.png 351 KiB
    asset static/media/hero-bg-1.516f956d1c39dbee651b.png 161 KiB [emitted] [immutable] [from: src/assets/images/hero-bg-1.png] (auxiliary name: main)
    asset static/media/desmarketLogo.dff8849b90f3c2a84878.png 79 KiB [emitted] [immutable] [from: src/assets/images/desmarketLogo.png] (auxiliary name: main)
    asset static/media/hero-bg-2.1e0d140df3023a7fdd75.png 62.4 KiB [emitted] [immutable] [from: src/assets/images/hero-bg-2.png] (auxiliary name: main)
    asset static/media/hero-bg-3.974f77c3b4202a2f1869.png 48.7 KiB [emitted] [immutable] [from: src/assets/images/hero-bg-3.png] (auxiliary name: main)
  assets by path static/media/*.jpg 31.5 KiB
    asset static/media/Apesempire.c9fa6b9d67434b5bcc19.jpg 17 KiB [emitted] [immutable] [from: src/assets/images/upcomming/Apesempire.jpg] (auxiliary name: main)
    asset static/media/haven.cc899519bb4fae32ed73.jpg 14.5 KiB [emitted] [immutable] [from: src/assets/images/upcomming/haven.jpg] (auxiliary name: main)
  asset static/js/bundle.js 5.56 MiB [emitted] (name: main) 1 related asset
asset index.html 2.18 KiB [emitted]
asset asset-manifest.json 708 bytes [emitted]
cached modules 5.36 MiB (javascript) 383 KiB (asset) 29.4 KiB (runtime) [cached] 1394 modules
webpack 5.68.0 compiled successfully in 5442 ms
Files successfully emitted, waiting for typecheck results...
Issues checking in progress...
No issues found.
Failed to compile.

Module not found: Error: Can't resolve '/home/ubuntu/Galacticway_io/node_modules/@pmmmwh/react-refresh-webpack-plugin/client/ReactRefreshEntry.js' in '/home/ubuntu/Galacticway_io'
assets by path *.json 50.7 KiB
  asset main.ac0b7be85546f5299c5d.hot-update.json 50.4 KiB [emitted] [immutable] [hmr]
  asset asset-manifest.json 315 bytes [emitted]
assets by chunk 41.1 KiB (name: main)
  asset static/js/bundle.js 40.7 KiB [emitted] (name: main) 1 related asset
  asset main.ac0b7be85546f5299c5d.hot-update.js 361 bytes [emitted] [immutable] [hmr] (name: main) 1 related asset
asset index.html 2.48 KiB [emitted]
Entrypoint main 41.1 KiB (38.8 KiB) = static/js/bundle.js 40.7 KiB main.ac0b7be85546f5299c5d.hot-update.js 361 bytes 2 auxiliary assets
runtime modules 27.1 KiB 9 modules

ERROR in Module not found: Error: Can't resolve '/home/ubuntu/Galacticway_io/node_modules/@pmmmwh/react-refresh-webpack-plugin/client/ReactRefreshEntry.js' in '/home/ubuntu/Galacticway_io'

ERROR in main
Module not found: Error: Can't resolve '/home/ubuntu/Galacticway_io/node_modules/babel-loader/lib/index.js' in '/home/ubuntu/Galacticway_io'

ERROR in Module not found: Error: Can't resolve '/home/ubuntu/Galacticway_io/node_modules/webpack-dev-server/client/index.js?protocol=ws%3A&hostname=0.0.0.0&port=3001&pathname=%2Fws&logging=none&reconnect=10' in '/home/ubuntu/Galacticway_io'

ERROR in Module not found: Error: Can't resolve '/home/ubuntu/Galacticway_io/node_modules/webpack/hot/dev-server.js' in '/home/ubuntu/Galacticway_io'

ERROR in Error: Child compilation failed:
  Module not found: Error: Can't resolve '/home/ubuntu/Galacticway_io/node_modul  es/html-webpack-plugin/lib/loader.js' in '/home/ubuntu/Galacticway_io'
  ModuleNotFoundError: Module not found: Error: Can't resolve '/home/ubuntu/Gala  cticway_io/node_modules/html-webpack-plugin/lib/loader.js' in '/home/ubuntu/Ga  lacticway_io'
      at /home/ubuntu/Galacticway_io/node_modules/webpack/lib/Compilation.js:201  3:28
      at /home/ubuntu/Galacticway_io/node_modules/webpack/lib/NormalModuleFactor  y.js:795:13
      at eval (eval at create (/home/ubuntu/Galacticway_io/node_modules/tapable/  lib/HookCodeFactory.js:33:10), <anonymous>:10:1)
      at /home/ubuntu/Galacticway_io/node_modules/webpack/lib/NormalModuleFactor  y.js:275:22
      at eval (eval at create (/home/ubuntu/Galacticway_io/node_modules/tapable/  lib/HookCodeFactory.js:33:10), <anonymous>:9:1)
      at /home/ubuntu/Galacticway_io/node_modules/webpack/lib/NormalModuleFactor  y.js:431:22
      at /home/ubuntu/Galacticway_io/node_modules/webpack/lib/NormalModuleFactor  y.js:124:11
      at /home/ubuntu/Galacticway_io/node_modules/webpack/lib/NormalModuleFactor  y.js:632:23
      at /home/ubuntu/Galacticway_io/node_modules/neo-async/async.js:2830:7
      at done (/home/ubuntu/Galacticway_io/node_modules/neo-async/async.js:2925:  13)
  
  - Compilation.js:2013 
    [Galacticway_io]/[webpack]/lib/Compilation.js:2013:28
  
  - NormalModuleFactory.js:795 
    [Galacticway_io]/[webpack]/lib/NormalModuleFactory.js:795:13
  
  
  - NormalModuleFactory.js:275 
    [Galacticway_io]/[webpack]/lib/NormalModuleFactory.js:275:22
  
  
  - NormalModuleFactory.js:431 
    [Galacticway_io]/[webpack]/lib/NormalModuleFactory.js:431:22
  
  - NormalModuleFactory.js:124 
    [Galacticway_io]/[webpack]/lib/NormalModuleFactory.js:124:11
  
  - NormalModuleFactory.js:632 
    [Galacticway_io]/[webpack]/lib/NormalModuleFactory.js:632:23
  
  - async.js:2830 
    [Galacticway_io]/[neo-async]/async.js:2830:7
  
  - async.js:2925 done
    [Galacticway_io]/[neo-async]/async.js:2925:13
  
  - child-compiler.js:169 
    [Galacticway_io]/[html-webpack-plugin]/lib/child-compiler.js:169:18
  
  - Compiler.js:564 
    [Galacticway_io]/[webpack]/lib/Compiler.js:564:11
  
  - Compiler.js:1183 
    [Galacticway_io]/[webpack]/lib/Compiler.js:1183:17
  
  
  - task_queues:96 processTicksAndRejections
    node:internal/process/task_queues:96:5

1 ERROR in child compilations (Use 'stats.children: true' resp. '--stats-children' for more details)

4 errors have detailed information that is not shown.
Use 'stats.errorDetails: true' resp. '--stats-error-details' to show it.

webpack 5.68.0 compiled with 6 errors in 836 ms
No issues found.
Failed to compile.

Module not found: Error: Can't resolve '/home/ubuntu/Galacticway_io/node_modules/@pmmmwh/react-refresh-webpack-plugin/client/ReactRefreshEntry.js' in '/home/ubuntu/Galacticway_io'
assets by chunk 41.1 KiB (name: main)
  asset static/js/bundle.js 40.7 KiB [emitted] (name: main) 1 related asset
  asset main.9c83342295886f7107f5.hot-update.js 361 bytes [emitted] [immutable] [hmr] (name: main) 1 related asset
assets by path *.json 343 bytes
  asset asset-manifest.json 315 bytes [emitted]
  asset main.9c83342295886f7107f5.hot-update.json 28 bytes [emitted] [immutable] [hmr]
asset index.html 2.48 KiB [emitted]
Entrypoint main 41.1 KiB (38.8 KiB) = static/js/bundle.js 40.7 KiB main.9c83342295886f7107f5.hot-update.js 361 bytes 2 auxiliary assets
runtime modules 27.1 KiB 9 modules

ERROR in Module not found: Error: Can't resolve '/home/ubuntu/Galacticway_io/node_modules/@pmmmwh/react-refresh-webpack-plugin/client/ReactRefreshEntry.js' in '/home/ubuntu/Galacticway_io'

ERROR in main
Module not found: Error: Can't resolve '/home/ubuntu/Galacticway_io/node_modules/source-map-loader/dist/cjs.js' in '/home/ubuntu/Galacticway_io'

ERROR in Module not found: Error: Can't resolve '/home/ubuntu/Galacticway_io/node_modules/webpack-dev-server/client/index.js?protocol=ws%3A&hostname=0.0.0.0&port=3001&pathname=%2Fws&logging=none&reconnect=10' in '/home/ubuntu/Galacticway_io'

ERROR in Module not found: Error: Can't resolve '/home/ubuntu/Galacticway_io/node_modules/webpack/hot/dev-server.js' in '/home/ubuntu/Galacticway_io'

ERROR in Error: Child compilation failed:
  Module not found: Error: Can't resolve '/home/ubuntu/Galacticway_io/node_modul  es/html-webpack-plugin/lib/loader.js' in '/home/ubuntu/Galacticway_io'
  ModuleNotFoundError: Module not found: Error: Can't resolve '/home/ubuntu/Gala  cticway_io/node_modules/html-webpack-plugin/lib/loader.js' in '/home/ubuntu/Ga  lacticway_io'
      at /home/ubuntu/Galacticway_io/node_modules/webpack/lib/Compilation.js:201  3:28
      at /home/ubuntu/Galacticway_io/node_modules/webpack/lib/NormalModuleFactor  y.js:795:13
      at eval (eval at create (/home/ubuntu/Galacticway_io/node_modules/tapable/  lib/HookCodeFactory.js:33:10), <anonymous>:10:1)
      at /home/ubuntu/Galacticway_io/node_modules/webpack/lib/NormalModuleFactor  y.js:275:22
      at eval (eval at create (/home/ubuntu/Galacticway_io/node_modules/tapable/  lib/HookCodeFactory.js:33:10), <anonymous>:9:1)
      at /home/ubuntu/Galacticway_io/node_modules/webpack/lib/NormalModuleFactor  y.js:431:22
      at /home/ubuntu/Galacticway_io/node_modules/webpack/lib/NormalModuleFactor  y.js:124:11
      at /home/ubuntu/Galacticway_io/node_modules/webpack/lib/NormalModuleFactor  y.js:632:23
      at /home/ubuntu/Galacticway_io/node_modules/neo-async/async.js:2830:7
      at done (/home/ubuntu/Galacticway_io/node_modules/neo-async/async.js:2925:  13)
  
  - Compilation.js:2013 
    [Galacticway_io]/[webpack]/lib/Compilation.js:2013:28
  
  - NormalModuleFactory.js:795 
    [Galacticway_io]/[webpack]/lib/NormalModuleFactory.js:795:13
  
  
  - NormalModuleFactory.js:275 
    [Galacticway_io]/[webpack]/lib/NormalModuleFactory.js:275:22
  
  
  - NormalModuleFactory.js:431 
    [Galacticway_io]/[webpack]/lib/NormalModuleFactory.js:431:22
  
  - NormalModuleFactory.js:124 
    [Galacticway_io]/[webpack]/lib/NormalModuleFactory.js:124:11
  
  - NormalModuleFactory.js:632 
    [Galacticway_io]/[webpack]/lib/NormalModuleFactory.js:632:23
  
  - async.js:2830 
    [Galacticway_io]/[neo-async]/async.js:2830:7
  
  - async.js:2925 done
    [Galacticway_io]/[neo-async]/async.js:2925:13
  
  - child-compiler.js:169 
    [Galacticway_io]/[html-webpack-plugin]/lib/child-compiler.js:169:18
  
  - Compiler.js:564 
    [Galacticway_io]/[webpack]/lib/Compiler.js:564:11
  
  - Compiler.js:1183 
    [Galacticway_io]/[webpack]/lib/Compiler.js:1183:17
  
  
  - task_queues:96 processTicksAndRejections
    node:internal/process/task_queues:96:5

4 errors have detailed information that is not shown.
Use 'stats.errorDetails: true' resp. '--stats-error-details' to show it.

webpack 5.68.0 compiled with 5 errors in 127 ms
No issues found.
Failed to compile.

Module not found: Error: Can't resolve '/home/ubuntu/Galacticway_io/node_modules/@pmmmwh/react-refresh-webpack-plugin/client/ReactRefreshEntry.js' in '/home/ubuntu/Galacticway_io'
assets by chunk 41.1 KiB (name: main)
  asset static/js/bundle.js 40.7 KiB [emitted] (name: main) 1 related asset
  asset main.9c00cb41cf5b0132b6f6.hot-update.js 361 bytes [emitted] [immutable] [hmr] (name: main) 1 related asset
assets by path *.json 343 bytes
  asset asset-manifest.json 315 bytes [emitted]
  asset main.9c00cb41cf5b0132b6f6.hot-update.json 28 bytes [emitted] [immutable] [hmr]
asset index.html 2.48 KiB [emitted]
Entrypoint main 41.1 KiB (38.8 KiB) = static/js/bundle.js 40.7 KiB main.9c00cb41cf5b0132b6f6.hot-update.js 361 bytes 2 auxiliary assets
runtime modules 27.1 KiB 9 modules

ERROR in Module not found: Error: Can't resolve '/home/ubuntu/Galacticway_io/node_modules/@pmmmwh/react-refresh-webpack-plugin/client/ReactRefreshEntry.js' in '/home/ubuntu/Galacticway_io'

ERROR in main
Module not found: Error: Can't resolve '/home/ubuntu/Galacticway_io/node_modules/babel-loader/lib/index.js' in '/home/ubuntu/Galacticway_io'

ERROR in Module not found: Error: Can't resolve '/home/ubuntu/Galacticway_io/node_modules/webpack-dev-server/client/index.js?protocol=ws%3A&hostname=0.0.0.0&port=3001&pathname=%2Fws&logging=none&reconnect=10' in '/home/ubuntu/Galacticway_io'

ERROR in Module not found: Error: Can't resolve '/home/ubuntu/Galacticway_io/node_modules/webpack/hot/dev-server.js' in '/home/ubuntu/Galacticway_io'

ERROR in Error: Child compilation failed:
  Module not found: Error: Can't resolve '/home/ubuntu/Galacticway_io/node_modul  es/html-webpack-plugin/lib/loader.js' in '/home/ubuntu/Galacticway_io'
  ModuleNotFoundError: Module not found: Error: Can't resolve '/home/ubuntu/Gala  cticway_io/node_modules/html-webpack-plugin/lib/loader.js' in '/home/ubuntu/Ga  lacticway_io'
      at /home/ubuntu/Galacticway_io/node_modules/webpack/lib/Compilation.js:201  3:28
      at /home/ubuntu/Galacticway_io/node_modules/webpack/lib/NormalModuleFactor  y.js:795:13
      at eval (eval at create (/home/ubuntu/Galacticway_io/node_modules/tapable/  lib/HookCodeFactory.js:33:10), <anonymous>:10:1)
      at /home/ubuntu/Galacticway_io/node_modules/webpack/lib/NormalModuleFactor  y.js:275:22
      at eval (eval at create (/home/ubuntu/Galacticway_io/node_modules/tapable/  lib/HookCodeFactory.js:33:10), <anonymous>:9:1)
      at /home/ubuntu/Galacticway_io/node_modules/webpack/lib/NormalModuleFactor  y.js:431:22
      at /home/ubuntu/Galacticway_io/node_modules/webpack/lib/NormalModuleFactor  y.js:124:11
      at /home/ubuntu/Galacticway_io/node_modules/webpack/lib/NormalModuleFactor  y.js:632:23
      at /home/ubuntu/Galacticway_io/node_modules/neo-async/async.js:2830:7
      at done (/home/ubuntu/Galacticway_io/node_modules/neo-async/async.js:2925:  13)
  
  - Compilation.js:2013 
    [Galacticway_io]/[webpack]/lib/Compilation.js:2013:28
  
  - NormalModuleFactory.js:795 
    [Galacticway_io]/[webpack]/lib/NormalModuleFactory.js:795:13
  
  
  - NormalModuleFactory.js:275 
    [Galacticway_io]/[webpack]/lib/NormalModuleFactory.js:275:22
  
  
  - NormalModuleFactory.js:431 
    [Galacticway_io]/[webpack]/lib/NormalModuleFactory.js:431:22
  
  - NormalModuleFactory.js:124 
    [Galacticway_io]/[webpack]/lib/NormalModuleFactory.js:124:11
  
  - NormalModuleFactory.js:632 
    [Galacticway_io]/[webpack]/lib/NormalModuleFactory.js:632:23
  
  - async.js:2830 
    [Galacticway_io]/[neo-async]/async.js:2830:7
  
  - async.js:2925 done
    [Galacticway_io]/[neo-async]/async.js:2925:13
  
  - child-compiler.js:169 
    [Galacticway_io]/[html-webpack-plugin]/lib/child-compiler.js:169:18
  
  - Compiler.js:564 
    [Galacticway_io]/[webpack]/lib/Compiler.js:564:11
  
  - Compiler.js:1183 
    [Galacticway_io]/[webpack]/lib/Compiler.js:1183:17
  
  
  - task_queues:96 processTicksAndRejections
    node:internal/process/task_queues:96:5

4 errors have detailed information that is not shown.
Use 'stats.errorDetails: true' resp. '--stats-error-details' to show it.

webpack 5.68.0 compiled with 5 errors in 119 ms
No issues found.
Failed to compile.

Module not found: Error: Can't resolve '/home/ubuntu/Galacticway_io/node_modules/@pmmmwh/react-refresh-webpack-plugin/client/ReactRefreshEntry.js' in '/home/ubuntu/Galacticway_io'
assets by status 40.7 KiB [cached] 1 asset
asset index.html 2.48 KiB [emitted]
asset asset-manifest.json 190 bytes [emitted]
cached modules 27.1 KiB [cached] 9 modules

ERROR in Module not found: Error: Can't resolve '/home/ubuntu/Galacticway_io/node_modules/@pmmmwh/react-refresh-webpack-plugin/client/ReactRefreshEntry.js' in '/home/ubuntu/Galacticway_io'

ERROR in main
Module not found: Error: Can't resolve '/home/ubuntu/Galacticway_io/node_modules/babel-loader/lib/index.js' in '/home/ubuntu/Galacticway_io'

ERROR in Module not found: Error: Can't resolve '/home/ubuntu/Galacticway_io/node_modules/webpack-dev-server/client/index.js?protocol=ws%3A&hostname=0.0.0.0&port=3001&pathname=%2Fws&logging=none&reconnect=10' in '/home/ubuntu/Galacticway_io'

ERROR in Module not found: Error: Can't resolve '/home/ubuntu/Galacticway_io/node_modules/webpack/hot/dev-server.js' in '/home/ubuntu/Galacticway_io'

ERROR in Error: Child compilation failed:
  Module not found: Error: Can't resolve '/home/ubuntu/Galacticway_io/node_modul  es/html-webpack-plugin/lib/loader.js' in '/home/ubuntu/Galacticway_io'
  ModuleNotFoundError: Module not found: Error: Can't resolve '/home/ubuntu/Gala  cticway_io/node_modules/html-webpack-plugin/lib/loader.js' in '/home/ubuntu/Ga  lacticway_io'
      at /home/ubuntu/Galacticway_io/node_modules/webpack/lib/Compilation.js:201  3:28
      at /home/ubuntu/Galacticway_io/node_modules/webpack/lib/NormalModuleFactor  y.js:795:13
      at eval (eval at create (/home/ubuntu/Galacticway_io/node_modules/tapable/  lib/HookCodeFactory.js:33:10), <anonymous>:10:1)
      at /home/ubuntu/Galacticway_io/node_modules/webpack/lib/NormalModuleFactor  y.js:275:22
      at eval (eval at create (/home/ubuntu/Galacticway_io/node_modules/tapable/  lib/HookCodeFactory.js:33:10), <anonymous>:9:1)
      at /home/ubuntu/Galacticway_io/node_modules/webpack/lib/NormalModuleFactor  y.js:431:22
      at /home/ubuntu/Galacticway_io/node_modules/webpack/lib/NormalModuleFactor  y.js:124:11
      at /home/ubuntu/Galacticway_io/node_modules/webpack/lib/NormalModuleFactor  y.js:632:23
      at /home/ubuntu/Galacticway_io/node_modules/neo-async/async.js:2830:7
      at done (/home/ubuntu/Galacticway_io/node_modules/neo-async/async.js:2925:  13)
  
  - Compilation.js:2013 
    [Galacticway_io]/[webpack]/lib/Compilation.js:2013:28
  
  - NormalModuleFactory.js:795 
    [Galacticway_io]/[webpack]/lib/NormalModuleFactory.js:795:13
  
  
  - NormalModuleFactory.js:275 
    [Galacticway_io]/[webpack]/lib/NormalModuleFactory.js:275:22
  
  
  - NormalModuleFactory.js:431 
    [Galacticway_io]/[webpack]/lib/NormalModuleFactory.js:431:22
  
  - NormalModuleFactory.js:124 
    [Galacticway_io]/[webpack]/lib/NormalModuleFactory.js:124:11
  
  - NormalModuleFactory.js:632 
    [Galacticway_io]/[webpack]/lib/NormalModuleFactory.js:632:23
  
  - async.js:2830 
    [Galacticway_io]/[neo-async]/async.js:2830:7
  
  - async.js:2925 done
    [Galacticway_io]/[neo-async]/async.js:2925:13
  
  - child-compiler.js:169 
    [Galacticway_io]/[html-webpack-plugin]/lib/child-compiler.js:169:18
  
  - Compiler.js:564 
    [Galacticway_io]/[webpack]/lib/Compiler.js:564:11
  
  - Compiler.js:1183 
    [Galacticway_io]/[webpack]/lib/Compiler.js:1183:17
  
  
  - task_queues:96 processTicksAndRejections
    node:internal/process/task_queues:96:5

4 errors have detailed information that is not shown.
Use 'stats.errorDetails: true' resp. '--stats-error-details' to show it.

webpack 5.68.0 compiled with 5 errors in 108 ms
No issues found.
